INFO - [♥] Lovely 0.8.0
INFO - [♥] Game directory is at "E:\\shira\\.local\\share\\Steam\\steamapps\\common\\Balatro"
INFO - [♥] Writing logs to "C:\\users\\steamuser\\AppData\\Roaming\\Balatro\\Mods\\lovely\\log"
INFO - [♥] Using mod directory at "C:\\users\\steamuser\\AppData\\Roaming\\Balatro\\Mods"
INFO - [♥] Found .lovelyignore in 'BalatroMultiplayer-0.2.20', skipping it.
WARN - [♥] Unknown key `patches.18.?.overwrite` found in patch file at "C:\\users\\steamuser\\AppData\\Roaming\\Balatro\\Mods\\HandyBalatro-1.4.2b\\lovely.toml", ignoring it
WARN - [♥] Unknown key `patches.0.?.match_indent` found in patch file at "C:\\users\\steamuser\\AppData\\Roaming\\Balatro\\Mods\\smods-1.0.0-beta-1016c\\lovely\\scoring_calculation.toml", ignoring it
WARN - [♥] Unknown key `patches.7.?.match_indent` found in patch file at "C:\\users\\steamuser\\AppData\\Roaming\\Balatro\\Mods\\smods-1.0.0-beta-1016c\\lovely\\scoring_calculation.toml", ignoring it
INFO - [♥] Cleaning up dumps directory at "C:\\users\\steamuser\\AppData\\Roaming\\Balatro\\Mods\\lovely\\dump"
INFO - [♥] Initialization complete in 237ms
INFO - [♥] Applied 15 patches to 'main.lua'
INFO - [♥] Applied 6 patches to 'engine/controller.lua'
INFO - [♥] Applied 15 patches to 'back.lua'
INFO - [♥] Applied 8 patches to 'tag.lua'
INFO - [♥] Applied 1 patch to 'engine/node.lua'
INFO - [♥] Applied 2 patches to 'engine/moveable.lua'
INFO - [♥] Applied 2 patches to 'engine/sprite.lua'
INFO - [♥] Applied 2 patches to 'engine/animatedsprite.lua'
INFO - [♥] Applied 78 patches to 'functions/misc_functions.lua'
INFO - [♥] Applied 54 patches to 'game.lua'
INFO - [♥] Applied 1 patch to 'globals.lua'
INFO - [♥] Applied 7 patches to 'engine/ui.lua'
INFO - [♥] Applied 105 patches to 'functions/UI_definitions.lua'
INFO - [♥] Applied 55 patches to 'functions/state_events.lua'
INFO - [♥] Applied 122 patches to 'functions/common_events.lua'
INFO - [♥] Applied 59 patches to 'functions/button_callbacks.lua'
WARN - [♥] Regex 'localize\\(\'k_upgrade_ex\'\\)\\}\\); return true\n[ \\t]*end\\}\\)\\)\n[ \\t]*end\n(?<indent>[ \\t]*)return' on target 'card.lua' for regex patch from smods-1.0.0-beta-1016c\lovely\joker_retriggers.toml resulted in no matches
WARN - [♥] Regex '[ \\t]*G\\.C\\.MULT\\}\\)\n[ \\t]*return true\n[ \\t]*end\\)\\}\\)\\)\n(?<indent>[ \\t]*)end' on target 'card.lua' for regex patch from smods-1.0.0-beta-1016c\lovely\joker_retriggers.toml resulted in no matches
WARN - [♥] Regex '[ \\t]*func = function\\(\\) card_eval_status_text\\(self, \'extra\', nil, nil, nil, \\{message = localize\\{type = \'variable\', key = \'a_xmult\', vars = \\{self\\.ability\\.caino_xmult\\}\\}\\}\\); return true\n(?<indent>[ \\t]*)end\\}\\)\\)' on target 'card.lua' for regex patch from smods-1.0.0-beta-1016c\lovely\joker_retriggers.toml resulted in no matches
WARN - [♥] Regex 'glass_cards\\}\\}\\}\\)\n[ \\t]*return true\n[ \\t]*end\n(?<indent>[ \\t]*)\\}\\)\\)' on target 'card.lua' for regex patch from smods-1.0.0-beta-1016c\lovely\joker_retriggers.toml resulted in no matches
INFO - [♥] Applied 221 patches to 'card.lua'
INFO - [♥] Applied 20 patches to 'cardarea.lua'
INFO - [♥] Applied 40 patches to 'blind.lua'
INFO - [♥] Applied 10 patches to 'card_character.lua'
INFO - [♥] Applied 15 patches to 'engine/text.lua'
INFO - [G] Failed to connect to the debug server
INFO - [G] 2025-12-23 15:20:26 :: DEBUG :: DebugConsole :: Steamodded Debug Socket started !
INFO - [G] 2025-12-23 15:20:26 :: INFO  :: SMODS :: Steamodded v1.0.0~BETA-1016c
INFO - [♥] Applied 9 patches to 'engine/sound_manager.lua'
INFO - [♥] Applied 1 patch to 'engine/save_manager.lua'
INFO - [G] 2025-12-23 15:20:27 :: INFO  :: Loader :: Valid JSON file found
INFO - [G] 2025-12-23 15:20:27 :: INFO  :: Loader :: Valid JSON file found
INFO - [G] 2025-12-23 15:20:27 :: TRACE :: Loader :: Processing Mod file (Legacy header): steamodded.lua
INFO - [G] 2025-12-23 15:20:27 :: WARN  :: Loader :: Duplicate Mod ID: Handy
INFO - [G] 2025-12-23 15:20:27 :: INFO  :: Loader :: Valid JSON file found
INFO - [G] 2025-12-23 15:20:27 :: INFO  :: Loader :: Valid JSON file found
INFO - [G] 2025-12-23 15:20:27 :: TRACE :: Loader :: Mod Multiplayer was unable to load: 
INFO - [G] 2025-12-23 15:20:27 :: INFO  :: TIMER :: [0000] Injected Fonts in 0.002 ms
INFO - [G] 2025-12-23 15:20:27 :: INFO  :: TIMER :: [0000] Injected DynaTextEffects in 0.001 ms
INFO - [G] 2025-12-23 15:20:27 :: INFO  :: TIMER :: [0000] Injected Language in 0.001 ms
INFO - [G] 2025-12-23 15:20:27 :: INFO  :: TIMER :: [0000] Injected [INTERNAL] in 1.228 ms
INFO - [G] 2025-12-23 15:20:28 :: INFO  :: TIMER :: [0005] Injected Atlas in 568.686 ms
INFO - [G] 2025-12-23 15:20:28 :: INFO  :: TIMER :: [0001] Injected Sound in 0.715 ms
INFO - [G] 2025-12-23 15:20:28 :: INFO  :: TIMER :: [0008] Injected Stake in 0.211 ms
INFO - [G] 2025-12-23 15:20:28 :: INFO  :: TIMER :: [0004] Injected Rarity in 0.015 ms
INFO - [G] 2025-12-23 15:20:28 :: INFO  :: TIMER :: [0004] Injected ObjectType in 0.128 ms
INFO - [G] 2025-12-23 15:20:28 :: INFO  :: TIMER :: [0050] Injected Center in 0.623 ms
INFO - [G] 2025-12-23 15:20:28 :: INFO  :: TIMER :: [0007] Injected Undiscovered Sprite in 0.078 ms
INFO - [G] 2025-12-23 15:20:28 :: INFO  :: TIMER :: [0002] Injected Blind in 0.087 ms
INFO - [G] 2025-12-23 15:20:28 :: INFO  :: TIMER :: [0004] Injected Seal in 0.136 ms
INFO - [G] 2025-12-23 15:20:28 :: INFO  :: TIMER :: [0004] Injected Suit in 0.083 ms
INFO - [G] 2025-12-23 15:20:28 :: INFO  :: TIMER :: [0013] Injected Rank in 0.088 ms
INFO - [G] 2025-12-23 15:20:28 :: INFO  :: TIMER :: [0028] Injected DeckSkin in 0.224 ms
INFO - [G] 2025-12-23 15:20:28 :: INFO  :: TIMER :: [0017] Injected JimboQuip in 0.076 ms
INFO - [G] 2025-12-23 15:20:28 :: INFO  :: TIMER :: [0012] Injected PokerHand in 0.154 ms
INFO - [G] 2025-12-23 15:20:28 :: INFO  :: TIMER :: [0020] Injected Challenge in 0.047 ms
INFO - [G] 2025-12-23 15:20:28 :: INFO  :: TIMER :: [0000] Injected Tag in 0.001 ms
INFO - [G] 2025-12-23 15:20:28 :: INFO  :: TIMER :: [0004] Injected Sticker in 0.069 ms
INFO - [G] 2025-12-23 15:20:28 :: INFO  :: TIMER :: [0000] Injected Shader in 0.001 ms
INFO - [G] 2025-12-23 15:20:28 :: INFO  :: TIMER :: [0002] Injected Keybind in 0.023 ms
INFO - [G] 2025-12-23 15:20:28 :: INFO  :: TIMER :: [0000] Injected Achievement in 0.035 ms
INFO - [G] 2025-12-23 15:20:28 :: INFO  :: TIMER :: [0002] Injected nil in 0.008 ms
INFO - [G] 2025-12-23 15:20:28 :: INFO  :: TIMER :: [0002] Injected Scoring_Parameters in 0.093 ms
INFO - [G] 2025-12-23 15:20:28 :: INFO  :: TIMER :: [0003] Injected Scoring_Calculations in 0.008 ms
INFO - [G] 2025-12-23 15:20:28 :: INFO  :: TIMER :: [0021] Injected Draw Step in 0.056 ms
INFO - [G] 2025-12-23 15:20:28 :: INFO  :: TIMER :: [0000] Injected [INTERNAL] in 1.338 ms
INFO - [G] LONG DT @ 3042: 0.064618574683105
INFO - [G] LONG DT @ 3042: 0.061682039746491
INFO - [G] LONG DT @ 3042: 0.061790831797195
INFO - [G] LONG DT @ 3042: 0.058351405437746
INFO - [G] LONG DT @ 3042: 0.054839184350202
INFO - [G] LONG DT @ 3042: 0.053022907480171
INFO - [G] LONG DT @ 3042: 0.050032305984179
INFO - [G] LONG DT @ 3054: 0.055753146029757
INFO - [G] LONG DT @ 3054: 0.054050136823797
INFO - [G] LONG DT @ 3054: 0.052657849458973
