INFO - [♥] Lovely 0.8.0
INFO - [♥] Game directory is at "E:\\shira\\.local\\share\\Steam\\steamapps\\common\\Balatro"
INFO - [♥] Writing logs to "C:\\users\\steamuser\\AppData\\Roaming\\Balatro\\Mods\\lovely\\log"
INFO - [♥] Using mod directory at "C:\\users\\steamuser\\AppData\\Roaming\\Balatro\\Mods"
WARN - [♥] Unknown key `patches.18.?.overwrite` found in patch file at "C:\\users\\steamuser\\AppData\\Roaming\\Balatro\\Mods\\HandyBalatro-1.4.2b\\lovely.toml", ignoring it
INFO - [♥] Cleaning up dumps directory at "C:\\users\\steamuser\\AppData\\Roaming\\Balatro\\Mods\\lovely\\dump"
INFO - [♥] Initialization complete in 59ms
INFO - [♥] Applied 16 patches to 'main.lua'
INFO - [♥] Applied 6 patches to 'engine/controller.lua'
INFO - [♥] Applied 16 patches to 'back.lua'
INFO - [♥] Applied 7 patches to 'tag.lua'
INFO - [♥] Applied 3 patches to 'engine/moveable.lua'
INFO - [♥] Applied 2 patches to 'engine/sprite.lua'
INFO - [♥] Applied 2 patches to 'engine/animatedsprite.lua'
INFO - [♥] Applied 69 patches to 'functions/misc_functions.lua'
WARN - [♥] Pattern 'self.GAME.pseudorandom.seed = hash_seed(self.GAME.pseudorandom.seed)' on target 'game.lua' for pattern patch from BalatroMultiplayer-0.2.17\lovely\TheOrder.toml resulted in no matches
INFO - [♥] Applied 50 patches to 'game.lua'
INFO - [♥] Applied 2 patches to 'globals.lua'
INFO - [♥] Applied 5 patches to 'engine/ui.lua'
INFO - [♥] Applied 108 patches to 'functions/UI_definitions.lua'
INFO - [♥] Applied 54 patches to 'functions/state_events.lua'
INFO - [♥] Applied 132 patches to 'functions/common_events.lua'
INFO - [♥] Applied 58 patches to 'functions/button_callbacks.lua'
INFO - [♥] Applied 204 patches to 'card.lua'
INFO - [♥] Applied 12 patches to 'cardarea.lua'
INFO - [♥] Applied 37 patches to 'blind.lua'
INFO - [♥] Applied 2 patches to 'engine/text.lua'
INFO - [♥] Applied 3 patches to '=[SMODS _ "src/utils.lua"]'
INFO - [♥] Applied 1 patch to '=[SMODS _ "src/overrides.lua"]'
INFO - [♥] Applied 1 patch to '=[SMODS _ "src/game_object.lua"]'
INFO - [G] Failed to connect to the debug server
INFO - [G] 2025-09-05 19:00:59 :: DEBUG :: DebugConsole :: Steamodded Debug Socket started !
INFO - [G] 2025-09-05 19:00:59 :: INFO  :: SMODS :: Steamodded v1.0.0~BETA-0711a
INFO - [♥] Applied 9 patches to 'engine/sound_manager.lua'
INFO - [♥] Applied 1 patch to 'engine/save_manager.lua'
INFO - [G] 2025-09-05 19:01:00 :: INFO  :: Loader :: Valid JSON file found
INFO - [G] 2025-09-05 19:01:00 :: INFO  :: Loader :: Valid JSON file found
INFO - [G] 2025-09-05 19:01:00 :: TRACE :: Loader :: Processing Mod file (Legacy header): steamodded.lua
INFO - [G] 2025-09-05 19:01:00 :: WARN  :: Loader :: Duplicate Mod ID: Handy
INFO - [G] 2025-09-05 19:01:00 :: INFO  :: Loader :: Valid JSON file found
INFO - [G] 2025-09-05 19:01:00 :: INFO  :: Loader :: Valid JSON file found
INFO - [G] 2025-09-05 19:01:00 :: DEBUG :: MULTIPLAYER :: Resetting lobby options
INFO - [G] 2025-09-05 19:01:00 :: DEBUG :: MULTIPLAYER :: Resetting game states
INFO - [G] 2025-09-05 19:01:00 :: TRACE :: MULTIPLAYER :: Client sent message: connect
INFO - [G] 2025-09-05 19:01:00 :: INFO  :: TIMER :: [0000] Injected Fonts in 0.001 ms
INFO - [G] 2025-09-05 19:01:00 :: INFO  :: TIMER :: [0000] Injected Language in 0.002 ms
INFO - [G] 2025-09-05 19:01:00 :: INFO  :: TIMER :: [0000] Injected [INTERNAL] in 1.626 ms
INFO - [G] 2025-09-05 19:01:01 :: INFO  :: TIMER :: [0024] Injected Atlas in 534.104 ms
INFO - [G] 2025-09-05 19:01:01 :: INFO  :: TIMER :: [0001] Injected Sound in 0.602 ms
INFO - [G] 2025-09-05 19:01:01 :: INFO  :: TIMER :: [0008] Injected Stake in 0.224 ms
INFO - [G] 2025-09-05 19:01:01 :: INFO  :: TIMER :: [0004] Injected Rarity in 0.017 ms
INFO - [G] 2025-09-05 19:01:01 :: INFO  :: TIMER :: [0004] Injected ObjectType in 0.043 ms
INFO - [G] 2025-09-05 19:01:01 :: INFO  :: TIMER :: [0081] Injected Center in 0.573 ms
INFO - [G] 2025-09-05 19:01:01 :: INFO  :: TIMER :: [0007] Injected Undiscovered Sprite in 0.022 ms
INFO - [G] 2025-09-05 19:01:01 :: INFO  :: TIMER :: [0003] Injected Blind in 0.012 ms
INFO - [G] 2025-09-05 19:01:01 :: INFO  :: TIMER :: [0004] Injected Seal in 0.156 ms
INFO - [G] 2025-09-05 19:01:01 :: INFO  :: TIMER :: [0004] Injected Suit in 0.249 ms
INFO - [G] 2025-09-05 19:01:01 :: INFO  :: TIMER :: [0013] Injected Rank in 0.139 ms
INFO - [G] 2025-09-05 19:01:01 :: INFO  :: TIMER :: [0028] Injected DeckSkin in 0.186 ms
INFO - [G] 2025-09-05 19:01:01 :: INFO  :: TIMER :: [0012] Injected PokerHand in 0.081 ms
INFO - [G] 2025-09-05 19:01:01 :: INFO  :: TIMER :: [0034] Injected Challenge in 0.076 ms
INFO - [G] 2025-09-05 19:01:01 :: INFO  :: TIMER :: [0001] Injected Tag in 0.009 ms
INFO - [G] 2025-09-05 19:01:01 :: INFO  :: TIMER :: [0006] Injected Sticker in 0.178 ms
INFO - [G] 2025-09-05 19:01:01 :: INFO  :: TIMER :: [0000] Injected Shader in 0.001 ms
INFO - [G] 2025-09-05 19:01:01 :: INFO  :: TIMER :: [0002] Injected Keybind in 0.008 ms
INFO - [G] 2025-09-05 19:01:01 :: INFO  :: TIMER :: [0000] Injected Achievement in 0.063 ms
INFO - [G] 2025-09-05 19:01:01 :: INFO  :: TIMER :: [0002] Injected nil in 0.010 ms
INFO - [G] 2025-09-05 19:01:01 :: INFO  :: TIMER :: [0022] Injected Draw Step in 0.210 ms
INFO - [G] 2025-09-05 19:01:01 :: INFO  :: TIMER :: [0000] Injected [INTERNAL] in 2.819 ms
INFO - [G] 2025-09-05 19:01:01 :: INFO  :: TIMER :: [0009] Injected nil in 0.025 ms
INFO - [G] 2025-09-05 19:01:01 :: INFO  :: TIMER :: [0003] Injected nil in 0.010 ms
INFO - [G] 2025-09-05 19:01:01 :: TRACE :: MULTIPLAYER :: Client got connected message:  (action: connected) 
INFO - [G] 2025-09-05 19:01:01 :: TRACE :: MULTIPLAYER :: Client sent message: action:username,username:shira~18,modHash:
INFO - [G] 2025-09-05 19:01:01 :: TRACE :: MULTIPLAYER :: Client got version message:  (action: version) 
INFO - [G] 2025-09-05 19:01:01 :: TRACE :: MULTIPLAYER :: Client sent message: action:version,version:0.2.17-MULTIPLAYER
INFO - [G] 2025-09-05 19:01:01 :: TRACE :: MULTIPLAYER :: Client sent message: action:username,username:shira~18,modHash:preview=false;unlocked=true;encryptID=21253728000.071;serversideConnectionID=a69f5988;Handy-1.4.2b;JokerDisplay-1.8.4.1;Lovely-0.8.0;Multiplayer-0.2.17;Steamodded-1.0.0~BETA-0711a;SuitOrder-1.0.2;TheOrder-MultiplayerIntegration
INFO - [G] 2025-09-05 19:01:37 :: TRACE :: MULTIPLAYER :: Client sent message: action:username,username:shira~18,modHash:preview=false;unlocked=true;encryptID=21253728000.071;serversideConnectionID=a69f5988;Handy-1.4.2b;JokerDisplay-1.8.4.1;Lovely-0.8.0;Multiplayer-0.2.17;Steamodded-1.0.0~BETA-0711a;SuitOrder-1.0.2;TheOrder-MultiplayerIntegration
