INFO - [♥] Lovely 0.8.0
INFO - [♥] Game directory is at "E:\\shira\\.local\\share\\Steam\\steamapps\\common\\Balatro"
INFO - [♥] Writing logs to "C:\\users\\steamuser\\AppData\\Roaming\\Balatro\\Mods\\lovely\\log"
INFO - [♥] Using mod directory at "C:\\users\\steamuser\\AppData\\Roaming\\Balatro\\Mods"
WARN - [♥] Unknown key `patches.0.?.match_indent` found in patch file at "C:\\users\\steamuser\\AppData\\Roaming\\Balatro\\Mods\\BalatroMultiplayer-0.2.20\\lovely\\end_round.toml", ignoring it
WARN - [♥] Unknown key `patches.18.?.overwrite` found in patch file at "C:\\users\\steamuser\\AppData\\Roaming\\Balatro\\Mods\\HandyBalatro-1.4.2b\\lovely.toml", ignoring it
WARN - [♥] Unknown key `patches.0.?.match_indent` found in patch file at "C:\\users\\steamuser\\AppData\\Roaming\\Balatro\\Mods\\smods-1.0.0-beta-1016c\\lovely\\scoring_calculation.toml", ignoring it
WARN - [♥] Unknown key `patches.7.?.match_indent` found in patch file at "C:\\users\\steamuser\\AppData\\Roaming\\Balatro\\Mods\\smods-1.0.0-beta-1016c\\lovely\\scoring_calculation.toml", ignoring it
INFO - [♥] Cleaning up dumps directory at "C:\\users\\steamuser\\AppData\\Roaming\\Balatro\\Mods\\lovely\\dump"
INFO - [♥] Initialization complete in 79ms
INFO - [♥] Applied 16 patches to 'main.lua'
INFO - [♥] Applied 6 patches to 'engine/controller.lua'
INFO - [♥] Applied 16 patches to 'back.lua'
INFO - [♥] Applied 8 patches to 'tag.lua'
INFO - [♥] Applied 1 patch to 'engine/node.lua'
INFO - [♥] Applied 3 patches to 'engine/moveable.lua'
INFO - [♥] Applied 2 patches to 'engine/sprite.lua'
INFO - [♥] Applied 2 patches to 'engine/animatedsprite.lua'
INFO - [♥] Applied 80 patches to 'functions/misc_functions.lua'
WARN - [♥] Pattern 'self.GAME.pseudorandom.seed = hash_seed(self.GAME.pseudorandom.seed)' on target 'game.lua' for pattern patch from BalatroMultiplayer-0.2.20\lovely\TheOrder.toml resulted in no matches
INFO - [♥] Applied 62 patches to 'game.lua'
INFO - [♥] Applied 2 patches to 'globals.lua'
INFO - [♥] Applied 7 patches to 'engine/ui.lua'
INFO - [♥] Applied 120 patches to 'functions/UI_definitions.lua'
INFO - [♥] Applied 68 patches to 'functions/state_events.lua'
WARN - [♥] Pattern '''
WARN - [♥]         attention_text({
WARN - [♥]           text = text..tostring(math.abs(mod)),''' on target 'functions/common_events.lua' for pattern patch from BalatroMultiplayer-0.2.20\lovely\decks.toml resulted in 3 matches, wanted 1
WARN - [♥] Ignoring excess matches
INFO - [♥] Applied 140 patches to 'functions/common_events.lua'
INFO - [♥] Applied 63 patches to 'functions/button_callbacks.lua'
WARN - [♥] Regex 'localize\\(\'k_upgrade_ex\'\\)\\}\\); return true\n[ \\t]*end\\}\\)\\)\n[ \\t]*end\n(?<indent>[ \\t]*)return' on target 'card.lua' for regex patch from smods-1.0.0-beta-1016c\lovely\joker_retriggers.toml resulted in no matches
WARN - [♥] Regex '[ \\t]*G\\.C\\.MULT\\}\\)\n[ \\t]*return true\n[ \\t]*end\\)\\}\\)\\)\n(?<indent>[ \\t]*)end' on target 'card.lua' for regex patch from smods-1.0.0-beta-1016c\lovely\joker_retriggers.toml resulted in no matches
WARN - [♥] Regex '[ \\t]*func = function\\(\\) card_eval_status_text\\(self, \'extra\', nil, nil, nil, \\{message = localize\\{type = \'variable\', key = \'a_xmult\', vars = \\{self\\.ability\\.caino_xmult\\}\\}\\}\\); return true\n(?<indent>[ \\t]*)end\\}\\)\\)' on target 'card.lua' for regex patch from smods-1.0.0-beta-1016c\lovely\joker_retriggers.toml resulted in no matches
WARN - [♥] Regex 'glass_cards\\}\\}\\}\\)\n[ \\t]*return true\n[ \\t]*end\n(?<indent>[ \\t]*)\\}\\)\\)' on target 'card.lua' for regex patch from smods-1.0.0-beta-1016c\lovely\joker_retriggers.toml resulted in no matches
INFO - [♥] Applied 236 patches to 'card.lua'
INFO - [♥] Applied 22 patches to 'cardarea.lua'
INFO - [♥] Applied 40 patches to 'blind.lua'
INFO - [♥] Applied 10 patches to 'card_character.lua'
INFO - [♥] Applied 15 patches to 'engine/text.lua'
INFO - [♥] Applied 2 patches to '=[SMODS _ "src/utils.lua"]'
INFO - [♥] Applied 1 patch to '=[SMODS _ "src/overrides.lua"]'
INFO - [♥] Applied 1 patch to '=[SMODS _ "src/game_object.lua"]'
INFO - [G] Failed to connect to the debug server
INFO - [G] 2026-01-24 21:05:48 :: DEBUG :: DebugConsole :: Steamodded Debug Socket started !
INFO - [G] 2026-01-24 21:05:48 :: INFO  :: SMODS :: Steamodded v1.0.0~BETA-1016c
INFO - [♥] Applied 1 patch to 'engine/save_manager.lua'
INFO - [♥] Applied 9 patches to 'engine/sound_manager.lua'
INFO - [G] 2026-01-24 21:05:49 :: INFO  :: Loader :: Valid JSON file found
INFO - [G] 2026-01-24 21:05:49 :: INFO  :: Loader :: Valid JSON file found
INFO - [G] 2026-01-24 21:05:49 :: TRACE :: Loader :: Processing Mod file (Legacy header): steamodded.lua
INFO - [G] 2026-01-24 21:05:49 :: WARN  :: Loader :: Duplicate Mod ID: Handy
INFO - [G] 2026-01-24 21:05:49 :: INFO  :: Loader :: Valid JSON file found
INFO - [G] 2026-01-24 21:05:49 :: INFO  :: Loader :: Valid JSON file found
INFO - [G] 2026-01-24 21:05:49 :: DEBUG :: MULTIPLAYER :: Resetting lobby options
INFO - [G] 2026-01-24 21:05:49 :: DEBUG :: MULTIPLAYER :: Resetting game states
INFO - [G] 2026-01-24 21:05:49 :: TRACE :: MULTIPLAYER :: Client sent message: {"action":"connect"}
INFO - [G] 2026-01-24 21:05:49 :: INFO  :: TIMER :: [0000] Injected Fonts in 0.001 ms
INFO - [G] 2026-01-24 21:05:49 :: INFO  :: TIMER :: [0000] Injected DynaTextEffects in 0.002 ms
INFO - [G] 2026-01-24 21:05:49 :: INFO  :: TIMER :: [0000] Injected Language in 0.002 ms
INFO - [G] 2026-01-24 21:05:49 :: INFO  :: TIMER :: [0000] Injected [INTERNAL] in 2.119 ms
INFO - [G] 2026-01-24 21:05:50 :: INFO  :: TIMER :: [0051] Injected Atlas in 543.594 ms
INFO - [G] 2026-01-24 21:05:50 :: INFO  :: TIMER :: [0001] Injected Sound in 0.819 ms
INFO - [G] 2026-01-24 21:05:50 :: INFO  :: TIMER :: [0011] Injected Stake in 0.335 ms
INFO - [G] 2026-01-24 21:05:50 :: INFO  :: TIMER :: [0004] Injected Rarity in 0.015 ms
INFO - [G] 2026-01-24 21:05:50 :: INFO  :: TIMER :: [0004] Injected ObjectType in 0.069 ms
INFO - [G] 2026-01-24 21:05:50 :: INFO  :: TIMER :: [0128] Injected Center in 0.887 ms
INFO - [G] 2026-01-24 21:05:50 :: INFO  :: TIMER :: [0007] Injected Undiscovered Sprite in 0.012 ms
INFO - [G] 2026-01-24 21:05:50 :: INFO  :: TIMER :: [0003] Injected Blind in 0.015 ms
INFO - [G] 2026-01-24 21:05:50 :: INFO  :: TIMER :: [0004] Injected Seal in 0.147 ms
INFO - [G] 2026-01-24 21:05:50 :: INFO  :: TIMER :: [0004] Injected Suit in 0.105 ms
INFO - [G] 2026-01-24 21:05:50 :: INFO  :: TIMER :: [0013] Injected Rank in 0.087 ms
INFO - [G] 2026-01-24 21:05:50 :: INFO  :: TIMER :: [0028] Injected DeckSkin in 0.176 ms
INFO - [G] 2026-01-24 21:05:50 :: INFO  :: TIMER :: [0017] Injected JimboQuip in 0.030 ms
INFO - [G] 2026-01-24 21:05:50 :: INFO  :: TIMER :: [0012] Injected PokerHand in 0.075 ms
INFO - [G] 2026-01-24 21:05:50 :: INFO  :: TIMER :: [0036] Injected Challenge in 0.055 ms
INFO - [G] 2026-01-24 21:05:50 :: INFO  :: TIMER :: [0003] Injected Tag in 0.018 ms
INFO - [G] 2026-01-24 21:05:50 :: INFO  :: TIMER :: [0006] Injected Sticker in 0.108 ms
INFO - [G] 2026-01-24 21:05:50 :: INFO  :: TIMER :: [0000] Injected Shader in 0.014 ms
INFO - [G] 2026-01-24 21:05:50 :: INFO  :: TIMER :: [0002] Injected Keybind in 0.009 ms
INFO - [G] 2026-01-24 21:05:50 :: INFO  :: TIMER :: [0000] Injected Achievement in 0.040 ms
INFO - [G] 2026-01-24 21:05:50 :: INFO  :: TIMER :: [0002] Injected nil in 0.008 ms
INFO - [G] 2026-01-24 21:05:50 :: INFO  :: TIMER :: [0002] Injected Scoring_Parameters in 0.140 ms
INFO - [G] 2026-01-24 21:05:50 :: INFO  :: TIMER :: [0003] Injected Scoring_Calculations in 0.009 ms
INFO - [G] 2026-01-24 21:05:50 :: INFO  :: TIMER :: [0024] Injected Draw Step in 0.052 ms
INFO - [G] 2026-01-24 21:05:50 :: INFO  :: TIMER :: [0000] Injected [INTERNAL] in 3.321 ms
INFO - [G] 2026-01-24 21:05:50 :: INFO  :: TIMER :: [0009] Injected nil in 0.022 ms
INFO - [G] 2026-01-24 21:05:50 :: INFO  :: TIMER :: [0003] Injected nil in 0.010 ms
INFO - [G] 2026-01-24 21:05:50 :: TRACE :: MULTIPLAYER :: Client got connected message:  (action: connected) 
INFO - [G] 2026-01-24 21:05:50 :: TRACE :: MULTIPLAYER :: Client sent message: {"modHash":"","username":"shira~18","action":"username"}
INFO - [G] 2026-01-24 21:05:50 :: TRACE :: MULTIPLAYER :: Client sent message: {"modHash":"preview=true;unlocked=true;encryptID=112261523576.54;serversideConnectionID=a69f5988;Handy-1.4.2b;JokerDisplay-1.8.4.1;Lovely-0.8.0;Multiplayer-0.2.20;Preview-MultiplayerIntegration;Steamodded-1.0.0~BETA-1016c;SuitOrder-1.0.2","username":"shira~18","action":"username"}
INFO - [G] 2026-01-24 21:05:50 :: TRACE :: MULTIPLAYER :: Client got version message:  (action: version) 
INFO - [G] 2026-01-24 21:05:50 :: TRACE :: MULTIPLAYER :: Client sent message: {"version":"0.2.20-MULTIPLAYER","action":"version"}
INFO - [G] 2026-01-24 21:06:05 :: DEBUG :: MULTIPLAYER :: Resetting lobby options
INFO - [G] 2026-01-24 21:06:05 :: TRACE :: MULTIPLAYER :: Client sent message: {"gameMode":"attrition","action":"createLobby"}
INFO - [G] 2026-01-24 21:06:05 :: TRACE :: MULTIPLAYER :: Client got joinedLobby message:  (type: attrition)  (action: joinedLobby)  (code: DYJQE) 
INFO - [G] 2026-01-24 21:06:05 :: TRACE :: MULTIPLAYER :: Client sent message: {"isCached":true,"action":"syncClient"}
INFO - [G] 2026-01-24 21:06:05 :: TRACE :: MULTIPLAYER :: Client sent message: {"action":"lobbyInfo"}
INFO - [G] 2026-01-24 21:06:05 :: DEBUG :: MULTIPLAYER :: Resetting game states
INFO - [G] 2026-01-24 21:06:06 :: TRACE :: MULTIPLAYER :: Client got lobbyInfo message:  (host: shira~18)  (hostCached: true)  (action: lobbyInfo)  (hostHash: preview=true;unlocked=true;encryptID=112261523576.54;serversideConnectionID=a69f5988;Handy-1.4.2b;JokerDisplay-1.8.4.1;Lovely-0.8.0;Multiplayer-0.2.20;Preview-MultiplayerIntegration;Steamodded-1.0.0~BETA-1016c;SuitOrder-1.0.2)  (isHost: true) 
INFO - [G] 2026-01-24 21:06:06 :: TRACE :: MULTIPLAYER :: Client sent message: {"no_gold_on_round_loss":false,"disable_live_and_timer_hud":false,"different_decks":false,"timer_base_seconds":150,"different_seeds":false,"sleeve":"sleeve_casl_none","back":"Red Deck","pvp_start_round":2,"gold_on_life_loss":true,"action":"lobbyOptions","pvp_countdown_seconds":3,"multiplayer_jokers":true,"starting_lives":4,"legacy_smallworld":false,"death_on_round_loss":true,"custom_seed":"random","cocktail":"000000000000000000000S","the_order":true,"timer":true,"stake":1,"gamemode":"gamemode_mp_attrition","challenge":"","timer_increment_seconds":60,"showdown_starting_antes":3,"preview_disabled":false,"ruleset":"ruleset_mp_ranked","forced_config":true,"timer_forgiveness":0}
INFO - [G] 2026-01-24 21:06:06 :: TRACE :: MULTIPLAYER :: Client got handyMPExtensionLobbyEnabled message:  (enabled: true)  (action: handyMPExtensionLobbyEnabled) 
INFO - [G] 2026-01-24 21:06:09 :: TRACE :: MULTIPLAYER :: Client sent message: {"action":"leaveLobby"}
INFO - [G] 2026-01-24 21:06:09 :: DEBUG :: MULTIPLAYER :: Resetting game states
INFO - [G] 2026-01-24 21:06:18 :: DEBUG :: MULTIPLAYER :: Resetting lobby options
INFO - [G] 2026-01-24 21:06:18 :: TRACE :: MULTIPLAYER :: Client sent message: {"gameMode":"attrition","action":"createLobby"}
INFO - [G] 2026-01-24 21:06:18 :: TRACE :: MULTIPLAYER :: Client got joinedLobby message:  (type: attrition)  (action: joinedLobby)  (code: DYHTO) 
INFO - [G] 2026-01-24 21:06:18 :: TRACE :: MULTIPLAYER :: Client sent message: {"isCached":true,"action":"syncClient"}
INFO - [G] 2026-01-24 21:06:18 :: TRACE :: MULTIPLAYER :: Client sent message: {"action":"lobbyInfo"}
INFO - [G] 2026-01-24 21:06:18 :: DEBUG :: MULTIPLAYER :: Resetting game states
INFO - [G] 2026-01-24 21:06:19 :: TRACE :: MULTIPLAYER :: Client got lobbyInfo message:  (host: shira~18)  (hostCached: true)  (action: lobbyInfo)  (hostHash: preview=true;unlocked=true;encryptID=112261523576.54;serversideConnectionID=a69f5988;Handy-1.4.2b;JokerDisplay-1.8.4.1;Lovely-0.8.0;Multiplayer-0.2.20;Preview-MultiplayerIntegration;Steamodded-1.0.0~BETA-1016c;SuitOrder-1.0.2)  (isHost: true) 
INFO - [G] 2026-01-24 21:06:19 :: TRACE :: MULTIPLAYER :: Client sent message: {"no_gold_on_round_loss":false,"disable_live_and_timer_hud":false,"different_decks":false,"timer_base_seconds":150,"different_seeds":false,"sleeve":"sleeve_casl_none","back":"Red Deck","pvp_start_round":2,"gold_on_life_loss":true,"action":"lobbyOptions","pvp_countdown_seconds":3,"multiplayer_jokers":true,"starting_lives":4,"legacy_smallworld":false,"death_on_round_loss":true,"custom_seed":"random","cocktail":"000000000000000000000S","the_order":true,"timer":true,"stake":1,"gamemode":"gamemode_mp_attrition","challenge":"","timer_increment_seconds":60,"showdown_starting_antes":3,"preview_disabled":false,"ruleset":"ruleset_mp_blitz","forced_config":false,"timer_forgiveness":0}
INFO - [G] 2026-01-24 21:06:19 :: TRACE :: MULTIPLAYER :: Client got handyMPExtensionLobbyEnabled message:  (enabled: true)  (action: handyMPExtensionLobbyEnabled) 
INFO - [G] 2026-01-24 21:07:20 :: TRACE :: MULTIPLAYER :: Client got lobbyInfo message:  (hostCached: true)  (hostHash: preview=true;unlocked=true;encryptID=112261523576.54;serversideConnectionID=a69f5988;Handy-1.4.2b;JokerDisplay-1.8.4.1;Lovely-0.8.0;Multiplayer-0.2.20;Preview-MultiplayerIntegration;Steamodded-1.0.0~BETA-1016c;SuitOrder-1.0.2)  (host: shira~18)  (guestHash: preview=true;unlocked=true;encryptID=112261523576.54;serversideConnectionID=82f98ef0;Handy-1.4.2b;JokerDisplay-1.8.4.1;Lovely-0.8.0;Multiplayer-0.2.20;Preview-MultiplayerIntegration;Steamodded-1.0.0~BETA-1016c;SuitOrder-1.0.2)  (guest: Ashly~13)  (guestReady: false)  (action: lobbyInfo)  (isHost: true)  (guestCached: true) 
INFO - [G] 2026-01-24 21:07:20 :: TRACE :: MULTIPLAYER :: Client sent message: {"no_gold_on_round_loss":false,"disable_live_and_timer_hud":false,"different_decks":false,"timer_base_seconds":150,"different_seeds":false,"sleeve":"sleeve_casl_none","back":"Red Deck","pvp_start_round":2,"gold_on_life_loss":true,"action":"lobbyOptions","pvp_countdown_seconds":3,"multiplayer_jokers":true,"starting_lives":4,"legacy_smallworld":false,"death_on_round_loss":true,"custom_seed":"random","cocktail":"000000000000000000000S","the_order":true,"timer":true,"stake":1,"gamemode":"gamemode_mp_attrition","challenge":"","timer_increment_seconds":60,"showdown_starting_antes":3,"preview_disabled":false,"ruleset":"ruleset_mp_blitz","forced_config":false,"timer_forgiveness":0}
INFO - [G] 2026-01-24 21:07:20 :: TRACE :: MULTIPLAYER :: Client got handyMPExtensionLobbyEnabled message:  (enabled: false)  (action: handyMPExtensionLobbyEnabled) 
INFO - [G] 2026-01-24 21:07:21 :: TRACE :: MULTIPLAYER :: Client got lobbyInfo message:  (hostCached: true)  (hostHash: preview=true;unlocked=true;encryptID=112261523576.54;serversideConnectionID=a69f5988;Handy-1.4.2b;JokerDisplay-1.8.4.1;Lovely-0.8.0;Multiplayer-0.2.20;Preview-MultiplayerIntegration;Steamodded-1.0.0~BETA-1016c;SuitOrder-1.0.2)  (host: shira~18)  (guestHash: preview=true;unlocked=true;encryptID=112261523576.54;serversideConnectionID=82f98ef0;Handy-1.4.2b;JokerDisplay-1.8.4.1;Lovely-0.8.0;Multiplayer-0.2.20;Preview-MultiplayerIntegration;Steamodded-1.0.0~BETA-1016c;SuitOrder-1.0.2)  (guest: Ashly~13)  (guestReady: false)  (action: lobbyInfo)  (isHost: true)  (guestCached: true) 
INFO - [G] 2026-01-24 21:07:21 :: TRACE :: MULTIPLAYER :: Client sent message: {"no_gold_on_round_loss":false,"disable_live_and_timer_hud":false,"different_decks":false,"timer_base_seconds":150,"different_seeds":false,"sleeve":"sleeve_casl_none","back":"Red Deck","pvp_start_round":2,"gold_on_life_loss":true,"action":"lobbyOptions","pvp_countdown_seconds":3,"multiplayer_jokers":true,"starting_lives":4,"legacy_smallworld":false,"death_on_round_loss":true,"custom_seed":"random","cocktail":"000000000000000000000S","the_order":true,"timer":true,"stake":1,"gamemode":"gamemode_mp_attrition","challenge":"","timer_increment_seconds":60,"showdown_starting_antes":3,"preview_disabled":false,"ruleset":"ruleset_mp_blitz","forced_config":false,"timer_forgiveness":0}
INFO - [G] 2026-01-24 21:07:21 :: TRACE :: MULTIPLAYER :: Client got handyMPExtensionLobbyEnabled message:  (enabled: false)  (action: handyMPExtensionLobbyEnabled) 
INFO - [G] 2026-01-24 21:07:32 :: TRACE :: MULTIPLAYER :: Client got lobbyInfo message:  (hostCached: true)  (hostHash: preview=true;unlocked=true;encryptID=112261523576.54;serversideConnectionID=a69f5988;Handy-1.4.2b;JokerDisplay-1.8.4.1;Lovely-0.8.0;Multiplayer-0.2.20;Preview-MultiplayerIntegration;Steamodded-1.0.0~BETA-1016c;SuitOrder-1.0.2)  (host: shira~18)  (guestHash: preview=true;unlocked=true;encryptID=112261523576.54;serversideConnectionID=82f98ef0;Handy-1.4.2b;JokerDisplay-1.8.4.1;Lovely-0.8.0;Multiplayer-0.2.20;Preview-MultiplayerIntegration;Steamodded-1.0.0~BETA-1016c;SuitOrder-1.0.2)  (guest: Ashly~13)  (guestReady: true)  (action: lobbyInfo)  (isHost: true)  (guestCached: true) 
INFO - [G] 2026-01-24 21:07:32 :: TRACE :: MULTIPLAYER :: Client sent message: {"no_gold_on_round_loss":false,"disable_live_and_timer_hud":false,"different_decks":false,"timer_base_seconds":150,"different_seeds":false,"sleeve":"sleeve_casl_none","back":"Red Deck","pvp_start_round":2,"gold_on_life_loss":true,"action":"lobbyOptions","pvp_countdown_seconds":3,"multiplayer_jokers":true,"starting_lives":4,"legacy_smallworld":false,"death_on_round_loss":true,"custom_seed":"random","cocktail":"000000000000000000000S","the_order":true,"timer":true,"stake":1,"gamemode":"gamemode_mp_attrition","challenge":"","timer_increment_seconds":60,"showdown_starting_antes":3,"preview_disabled":false,"ruleset":"ruleset_mp_blitz","forced_config":false,"timer_forgiveness":0}
INFO - [G] 2026-01-24 21:07:32 :: TRACE :: MULTIPLAYER :: Client got handyMPExtensionLobbyEnabled message:  (enabled: false)  (action: handyMPExtensionLobbyEnabled) 
INFO - [G] 2026-01-24 21:07:42 :: TRACE :: MULTIPLAYER :: Client sent message: {"no_gold_on_round_loss":false,"disable_live_and_timer_hud":false,"timer_base_seconds":150,"legacy_smallworld":false,"different_seeds":false,"back":"Plasma Deck","pvp_start_round":2,"gold_on_life_loss":true,"action":"lobbyOptions","pvp_countdown_seconds":3,"multiplayer_jokers":true,"starting_lives":4,"different_decks":false,"death_on_round_loss":true,"custom_seed":"random","cocktail":"000000000000000000000S","the_order":true,"timer":true,"stake":1,"gamemode":"gamemode_mp_attrition","challenge":"","timer_increment_seconds":60,"showdown_starting_antes":3,"preview_disabled":false,"ruleset":"ruleset_mp_blitz","forced_config":false,"timer_forgiveness":0}
INFO - [G] 2026-01-24 21:07:44 :: TRACE :: MULTIPLAYER :: Client sent message: {"no_gold_on_round_loss":false,"disable_live_and_timer_hud":false,"timer_base_seconds":150,"legacy_smallworld":false,"different_seeds":false,"back":"Plasma Deck","pvp_start_round":2,"gold_on_life_loss":true,"action":"lobbyOptions","pvp_countdown_seconds":3,"multiplayer_jokers":true,"starting_lives":4,"different_decks":false,"death_on_round_loss":true,"custom_seed":"random","cocktail":"000000000000000000000S","the_order":true,"timer":true,"stake":2,"gamemode":"gamemode_mp_attrition","challenge":"","timer_increment_seconds":60,"showdown_starting_antes":3,"preview_disabled":false,"ruleset":"ruleset_mp_blitz","forced_config":false,"timer_forgiveness":0}
INFO - [G] 2026-01-24 21:07:49 :: TRACE :: MULTIPLAYER :: Client sent message: {"no_gold_on_round_loss":false,"disable_live_and_timer_hud":false,"timer_base_seconds":150,"legacy_smallworld":false,"different_seeds":false,"back":"Plasma Deck","pvp_start_round":2,"gold_on_life_loss":true,"action":"lobbyOptions","pvp_countdown_seconds":3,"multiplayer_jokers":true,"starting_lives":4,"different_decks":false,"death_on_round_loss":true,"custom_seed":"random","cocktail":"000000000000000000000S","the_order":true,"timer":true,"stake":1,"gamemode":"gamemode_mp_attrition","challenge":"","timer_increment_seconds":60,"showdown_starting_antes":3,"preview_disabled":false,"ruleset":"ruleset_mp_blitz","forced_config":false,"timer_forgiveness":0}
INFO - [G] 2026-01-24 21:08:16 :: TRACE :: MULTIPLAYER :: Client sent message: {"no_gold_on_round_loss":false,"disable_live_and_timer_hud":false,"timer_base_seconds":150,"legacy_smallworld":false,"different_seeds":false,"back":"Plasma Deck","pvp_start_round":2,"gold_on_life_loss":true,"action":"lobbyOptions","pvp_countdown_seconds":3,"multiplayer_jokers":true,"starting_lives":4,"different_decks":false,"death_on_round_loss":true,"custom_seed":"random","cocktail":"000000000000000000000S","the_order":true,"timer":true,"stake":1,"gamemode":"gamemode_mp_attrition","challenge":"","timer_increment_seconds":60,"showdown_starting_antes":3,"preview_disabled":false,"ruleset":"ruleset_mp_blitz","forced_config":false,"timer_forgiveness":0}
INFO - [G] 2026-01-24 21:08:22 :: TRACE :: MULTIPLAYER :: Client sent message: {"action":"startGame"}
INFO - [G] 2026-01-24 21:08:22 :: TRACE :: MULTIPLAYER :: Client got startGame message:  (deck: c_multiplayer_1)  (action: startGame) 
INFO - [G] 2026-01-24 21:08:22 :: DEBUG :: MULTIPLAYER :: Resetting game states
INFO - [G] 2026-01-24 21:08:22 :: TRACE :: MULTIPLAYER :: Client sent message: {"ante":0,"action":"setAnte"}
INFO - [G] 2026-01-24 21:08:22 :: TRACE :: MULTIPLAYER :: Client got playerInfo message:  (lives: 4)  (action: playerInfo) 
INFO - [G] 2026-01-24 21:08:23 :: DEBUG :: DefaultLogger :: (Idol) Selected card Jack of Clubs with weight 1 of total 52
INFO - [G] 2026-01-24 21:08:23 :: DEBUG :: DefaultLogger :: (Mail) Selected card 5 with weight 4 of total 52
INFO - [G] 2026-01-24 21:08:26 :: TRACE :: MULTIPLAYER :: Client sent message: {"action":"playHand","handsLeft":4,"score":"0"}
INFO - [G] 2026-01-24 21:08:26 :: TRACE :: MULTIPLAYER :: Client sent message: {"action":"newRound"}
INFO - [G] 2026-01-24 21:08:26 :: TRACE :: MULTIPLAYER :: Client sent message: {"location":"loc_playing-bl_small","action":"setLocation"}
INFO - [G] 2026-01-24 21:08:32 :: TRACE :: MULTIPLAYER :: Client got enemyInfo message:  (skips: 0)  (lives: 4)  (action: enemyInfo)  (handsLeft: 4)  (score: 0) 
INFO - [G] 2026-01-24 21:08:32 :: TRACE :: MULTIPLAYER :: Client got enemyLocation message:  (location: loc_playing-bl_small)  (action: enemyLocation) 
INFO - [G] 2026-01-24 21:08:54 :: TRACE :: MULTIPLAYER :: Client sent message: {"action":"stopGame"}
INFO - [G] 2026-01-24 21:08:54 :: TRACE :: MULTIPLAYER :: Client got stopGame message:  (action: stopGame)  (seed: T2TIF) 
INFO - [G] 2026-01-24 21:08:54 :: DEBUG :: MULTIPLAYER :: Resetting game states
INFO - [G] 2026-01-24 21:08:54 :: TRACE :: MULTIPLAYER :: Client got enemyLocation message:  (location: Blind Select)  (action: enemyLocation) 
